2003.04.04 05:19 B C:\Tarraconensis\public_html\Merida\urbamerida\cir-anfi-merida1.html --> host46.ipowerweb.com /public_html/Merida/urbamerida cir-anfi-merida1.html
2003.04.04 05:19 B C:\Tarraconensis\public_html\Merida\urbamerida\cir-anfi-merida1.JPG --> host46.ipowerweb.com /public_html/Merida/urbamerida cir-anfi-merida1.JPG
2003.04.04 05:19 B C:\Tarraconensis\public_html\Merida\urbamerida\cir-anfi-merida1_small.JPG --> host46.ipowerweb.com /public_html/Merida/urbamerida cir-anfi-merida1_small.JPG
2003.04.04 05:19 B C:\Tarraconensis\public_html\Merida\urbamerida\forolocalmerida.html --> host46.ipowerweb.com /public_html/Merida/urbamerida forolocalmerida.html
2003.04.04 05:19 B C:\Tarraconensis\public_html\Merida\urbamerida\forolocalmerida1.JPG --> host46.ipowerweb.com /public_html/Merida/urbamerida forolocalmerida1.JPG
2003.04.04 05:20 B C:\Tarraconensis\public_html\Merida\urbamerida\forolocalmerida1_small.JPG --> host46.ipowerweb.com /public_html/Merida/urbamerida forolocalmerida1_small.JPG
2003.04.04 05:20 B C:\Tarraconensis\public_html\Merida\urbamerida\foroprovincial1.html --> host46.ipowerweb.com /public_html/Merida/urbamerida foroprovincial1.html
2003.04.04 05:20 B C:\Tarraconensis\public_html\Merida\urbamerida\Foroprovinmerida1.JPG --> host46.ipowerweb.com /public_html/Merida/urbamerida Foroprovinmerida1.JPG
2003.04.04 05:20 B C:\Tarraconensis\public_html\Merida\urbamerida\Foroprovinmerida1_small.JPG --> host46.ipowerweb.com /public_html/Merida/urbamerida Foroprovinmerida1_small.JPG
2003.04.04 05:20 B C:\Tarraconensis\public_html\Merida\urbamerida\generalmerida1.html --> host46.ipowerweb.com /public_html/Merida/urbamerida generalmerida1.html
2003.04.04 05:20 B C:\Tarraconensis\public_html\Merida\urbamerida\Generalmerida1.JPG --> host46.ipowerweb.com /public_html/Merida/urbamerida Generalmerida1.JPG
2003.04.04 05:20 B C:\Tarraconensis\public_html\Merida\urbamerida\Generalmerida1_small.JPG --> host46.ipowerweb.com /public_html/Merida/urbamerida Generalmerida1_small.JPG
2003.04.04 05:20 B C:\Tarraconensis\public_html\Merida\urbamerida\generalmerida2.html --> host46.ipowerweb.com /public_html/Merida/urbamerida generalmerida2.html
2003.04.04 05:22 B C:\Tarraconensis\public_html\Merida\urbamerida\Generalmerida2.JPG --> host46.ipowerweb.com /public_html/Merida/urbamerida Generalmerida2.JPG
2003.04.04 05:22 B C:\Tarraconensis\public_html\Merida\urbamerida\Generalmerida2_small.JPG --> host46.ipowerweb.com /public_html/Merida/urbamerida Generalmerida2_small.JPG
2003.04.04 05:22 B C:\Tarraconensis\public_html\Merida\urbamerida\mercadomerida1.html --> host46.ipowerweb.com /public_html/Merida/urbamerida mercadomerida1.html
2003.04.04 05:23 B C:\Tarraconensis\public_html\Merida\urbamerida\mercadomerida1.JPG --> host46.ipowerweb.com /public_html/Merida/urbamerida mercadomerida1.JPG
2003.04.04 05:23 B C:\Tarraconensis\public_html\Merida\urbamerida\mercadomerida1_small.JPG --> host46.ipowerweb.com /public_html/Merida/urbamerida mercadomerida1_small.JPG
2003.04.04 05:23 B C:\Tarraconensis\public_html\Merida\urbamerida\mitreomerida1.html --> host46.ipowerweb.com /public_html/Merida/urbamerida mitreomerida1.html
2003.04.04 05:23 B C:\Tarraconensis\public_html\Merida\urbamerida\mitreomerida1.JPG --> host46.ipowerweb.com /public_html/Merida/urbamerida mitreomerida1.JPG
2003.04.04 05:23 B C:\Tarraconensis\public_html\Merida\urbamerida\mitreomerida1_small.JPG --> host46.ipowerweb.com /public_html/Merida/urbamerida mitreomerida1_small.JPG
