2003.04.02 00:38 B C:\Tarraconensis\public_html\sitegeo\sitetarraco.JPG --> host46.ipowerweb.com /public_html/sitegeo sitetarraco.JPG
2003.04.02 00:38 B C:\Tarraconensis\public_html\sitegeo\sitetarraco_small.JPG --> host46.ipowerweb.com /public_html/sitegeo sitetarraco_small.JPG
2003.04.02 00:38 B C:\Tarraconensis\public_html\sitegeo\Tarraco.html --> host46.ipowerweb.com /public_html/sitegeo Tarraco.html
2003.04.02 00:39 B C:\Tarraconensis\public_html\sitegeo\va-sa-ede.html --> host46.ipowerweb.com /public_html/sitegeo va-sa-ede.html
2003.04.02 00:40 B C:\Tarraconensis\public_html\sitegeo\Valencia1.JPG --> host46.ipowerweb.com /public_html/sitegeo Valencia1.JPG
2003.04.02 00:40 B C:\Tarraconensis\public_html\sitegeo\Valencia1_small.JPG --> host46.ipowerweb.com /public_html/sitegeo Valencia1_small.JPG
2003.04.02 01:14 B C:\Tarraconensis\public_html\sitegeo\sitetarraco.JPG --> host46.ipowerweb.com /public_html/sitegeo sitetarraco.JPG
2003.04.02 01:14 B C:\Tarraconensis\public_html\sitegeo\sitetarraco1.JPG --> host46.ipowerweb.com /public_html/sitegeo sitetarraco1.JPG
2003.04.02 01:14 B C:\Tarraconensis\public_html\sitegeo\sitetarraco1_small.JPG --> host46.ipowerweb.com /public_html/sitegeo sitetarraco1_small.JPG
2003.04.02 01:14 B C:\Tarraconensis\public_html\sitegeo\sitetarraco_small.JPG --> host46.ipowerweb.com /public_html/sitegeo sitetarraco_small.JPG
2003.04.02 01:14 B C:\Tarraconensis\public_html\sitegeo\siteva-sa-ede.JPG --> host46.ipowerweb.com /public_html/sitegeo siteva-sa-ede.JPG
2003.04.02 01:14 B C:\Tarraconensis\public_html\sitegeo\siteva-sa-ede_small.JPG --> host46.ipowerweb.com /public_html/sitegeo siteva-sa-ede_small.JPG
2003.04.02 01:14 B C:\Tarraconensis\public_html\sitegeo\Tarraco.html --> host46.ipowerweb.com /public_html/sitegeo Tarraco.html
2003.04.02 01:14 B C:\Tarraconensis\public_html\sitegeo\Tarracopro.html --> host46.ipowerweb.com /public_html/sitegeo Tarracopro.html
2003.04.02 01:14 B C:\Tarraconensis\public_html\sitegeo\va-sa-ede.html --> host46.ipowerweb.com /public_html/sitegeo va-sa-ede.html
2003.04.02 01:14 B C:\Tarraconensis\public_html\sitegeo\va-sa-edepro.html --> host46.ipowerweb.com /public_html/sitegeo va-sa-edepro.html
2003.04.02 01:16 B C:\Tarraconensis\public_html\sitegeo\Valencia1.JPG --> host46.ipowerweb.com /public_html/sitegeo Valencia1.JPG
2003.04.02 01:16 B C:\Tarraconensis\public_html\sitegeo\Valencia1_small.JPG --> host46.ipowerweb.com /public_html/sitegeo Valencia1_small.JPG
2003.04.02 01:16 B C:\Tarraconensis\public_html\sitegeo\WS_FTP.LOG --> host46.ipowerweb.com /public_html/sitegeo WS_FTP.LOG
2003.04.02 01:22 B C:\Tarraconensis\public_html\sitegeo\va-sa-ede.html --> host46.ipowerweb.com /public_html/sitegeo va-sa-ede.html
2003.04.04 05:17 B C:\Tarraconensis\public_html\sitegeo\Meri-norba1.html --> host46.ipowerweb.com /public_html/sitegeo Meri-norba1.html
2003.04.04 05:17 B C:\Tarraconensis\public_html\sitegeo\Meri-norba2.html --> host46.ipowerweb.com /public_html/sitegeo Meri-norba2.html
2003.04.04 05:18 B C:\Tarraconensis\public_html\sitegeo\siteemerita1.JPG --> host46.ipowerweb.com /public_html/sitegeo siteemerita1.JPG
2003.04.04 05:18 B C:\Tarraconensis\public_html\sitegeo\siteemerita1_small.JPG --> host46.ipowerweb.com /public_html/sitegeo siteemerita1_small.JPG
2003.04.04 05:18 B C:\Tarraconensis\public_html\sitegeo\sitomerida2.JPG --> host46.ipowerweb.com /public_html/sitegeo sitomerida2.JPG
2003.04.04 05:18 B C:\Tarraconensis\public_html\sitegeo\sitomerida2_small.JPG --> host46.ipowerweb.com /public_html/sitegeo sitomerida2_small.JPG
2003.04.04 05:19 B C:\Tarraconensis\public_html\sitegeo\WS_FTP.LOG --> host46.ipowerweb.com /public_html/sitegeo WS_FTP.LOG
