2003.03.30 19:36 B C:\Tarraconensis\public_html\Tarraco\urbano\acueforum.html --> host46.ipowerweb.com /public_html/Tarraco/urbano acueforum.html
2003.03.30 19:40 B C:\Tarraconensis\public_html\Tarraco\urbano\acueforum.JPG --> host46.ipowerweb.com /public_html/Tarraco/urbano acueforum.JPG
2003.03.30 19:40 B C:\Tarraconensis\public_html\Tarraco\urbano\acueforum_small.JPG --> host46.ipowerweb.com /public_html/Tarraco/urbano acueforum_small.JPG
2003.03.30 19:40 B C:\Tarraconensis\public_html\Tarraco\urbano\anficircus.html --> host46.ipowerweb.com /public_html/Tarraco/urbano anficircus.html
2003.03.30 19:44 B C:\Tarraconensis\public_html\Tarraco\urbano\anficircus.JPG --> host46.ipowerweb.com /public_html/Tarraco/urbano anficircus.JPG
2003.03.30 19:44 B C:\Tarraconensis\public_html\Tarraco\urbano\anficircus_small.JPG --> host46.ipowerweb.com /public_html/Tarraco/urbano anficircus_small.JPG
2003.03.30 19:44 B C:\Tarraconensis\public_html\Tarraco\urbano\tarraco02.html --> host46.ipowerweb.com /public_html/Tarraco/urbano tarraco02.html
2003.03.30 19:45 B C:\Tarraconensis\public_html\Tarraco\urbano\tarraco02.jpg --> host46.ipowerweb.com /public_html/Tarraco/urbano tarraco02.jpg
2003.03.30 19:45 B C:\Tarraconensis\public_html\Tarraco\urbano\tarraco02_small.jpg --> host46.ipowerweb.com /public_html/Tarraco/urbano tarraco02_small.jpg
2003.03.30 19:45 B C:\Tarraconensis\public_html\Tarraco\urbano\tarraco06.jpg --> host46.ipowerweb.com /public_html/Tarraco/urbano tarraco06.jpg
2003.03.30 19:45 B C:\Tarraconensis\public_html\Tarraco\urbano\tarracoorigen1.html --> host46.ipowerweb.com /public_html/Tarraco/urbano tarracoorigen1.html
2003.03.30 19:45 B C:\Tarraconensis\public_html\Tarraco\urbano\tarracoorigen1.JPG --> host46.ipowerweb.com /public_html/Tarraco/urbano tarracoorigen1.JPG
2003.03.30 19:45 B C:\Tarraconensis\public_html\Tarraco\urbano\tarracoorigen1_small.JPG --> host46.ipowerweb.com /public_html/Tarraco/urbano tarracoorigen1_small.JPG
2003.03.30 19:45 B C:\Tarraconensis\public_html\Tarraco\urbano\teatroforum.html --> host46.ipowerweb.com /public_html/Tarraco/urbano teatroforum.html
2003.03.30 19:49 B C:\Tarraconensis\public_html\Tarraco\urbano\teatroforum.JPG --> host46.ipowerweb.com /public_html/Tarraco/urbano teatroforum.JPG
2003.03.30 19:56 B C:\Tarraconensis\public_html\Tarraco\urbano\acueforum.GIF --> host46.ipowerweb.com /public_html/Tarraco/urbano acueforum.GIF
2003.03.30 19:56 B C:\Tarraconensis\public_html\Tarraco\urbano\acueforum.html --> host46.ipowerweb.com /public_html/Tarraco/urbano acueforum.html
2003.03.30 19:56 B C:\Tarraconensis\public_html\Tarraco\urbano\acueforum_small.JPG --> host46.ipowerweb.com /public_html/Tarraco/urbano acueforum_small.JPG
2003.03.30 19:58 B C:\Tarraconensis\public_html\Tarraco\urbano\anficircus.GIF --> host46.ipowerweb.com /public_html/Tarraco/urbano anficircus.GIF
2003.03.30 19:58 B C:\Tarraconensis\public_html\Tarraco\urbano\anficircus.html --> host46.ipowerweb.com /public_html/Tarraco/urbano anficircus.html
2003.03.30 19:58 B C:\Tarraconensis\public_html\Tarraco\urbano\anficircus_small.JPG --> host46.ipowerweb.com /public_html/Tarraco/urbano anficircus_small.JPG
2003.03.30 19:58 B C:\Tarraconensis\public_html\Tarraco\urbano\tarraco02.html --> host46.ipowerweb.com /public_html/Tarraco/urbano tarraco02.html
2003.03.30 19:59 B C:\Tarraconensis\public_html\Tarraco\urbano\tarraco02.jpg --> host46.ipowerweb.com /public_html/Tarraco/urbano tarraco02.jpg
2003.03.30 19:59 B C:\Tarraconensis\public_html\Tarraco\urbano\tarraco02_small.jpg --> host46.ipowerweb.com /public_html/Tarraco/urbano tarraco02_small.jpg
2003.03.30 19:59 B C:\Tarraconensis\public_html\Tarraco\urbano\tarraco06.jpg --> host46.ipowerweb.com /public_html/Tarraco/urbano tarraco06.jpg
2003.03.30 19:59 B C:\Tarraconensis\public_html\Tarraco\urbano\tarracoorigen1.html --> host46.ipowerweb.com /public_html/Tarraco/urbano tarracoorigen1.html
2003.03.30 19:59 B C:\Tarraconensis\public_html\Tarraco\urbano\tarracoorigen1.JPG --> host46.ipowerweb.com /public_html/Tarraco/urbano tarracoorigen1.JPG
2003.03.30 19:59 B C:\Tarraconensis\public_html\Tarraco\urbano\tarracoorigen1_small.JPG --> host46.ipowerweb.com /public_html/Tarraco/urbano tarracoorigen1_small.JPG
2003.03.30 20:01 B C:\Tarraconensis\public_html\Tarraco\urbano\teatroforum.GIF --> host46.ipowerweb.com /public_html/Tarraco/urbano teatroforum.GIF
2003.03.30 20:01 B C:\Tarraconensis\public_html\Tarraco\urbano\teatroforum.html --> host46.ipowerweb.com /public_html/Tarraco/urbano teatroforum.html
2003.03.30 20:01 B C:\Tarraconensis\public_html\Tarraco\urbano\teatroforum_small.JPG --> host46.ipowerweb.com /public_html/Tarraco/urbano teatroforum_small.JPG
2003.03.30 20:04 B C:\Tarraconensis\public_html\Tarraco\urbano\teatroportus.GIF --> host46.ipowerweb.com /public_html/Tarraco/urbano teatroportus.GIF
2003.03.30 20:04 B C:\Tarraconensis\public_html\Tarraco\urbano\teatroportus.html --> host46.ipowerweb.com /public_html/Tarraco/urbano teatroportus.html
2003.03.30 20:04 B C:\Tarraconensis\public_html\Tarraco\urbano\teatroportus_small.JPG --> host46.ipowerweb.com /public_html/Tarraco/urbano teatroportus_small.JPG
2003.03.30 20:04 B C:\Tarraconensis\public_html\Tarraco\urbano\WS_FTP.LOG --> host46.ipowerweb.com /public_html/Tarraco/urbano WS_FTP.LOG
