2003.03.18 03:35 B C:\Tarraconensis\index.htm --> host46.ipowerweb.com / index.htm
2003.03.18 03:44 B C:\Tarraconensis\index.htm --> host46.ipowerweb.com / index.htm
2003.03.18 03:44 B C:\Tarraconensis\WS_FTP.LOG --> host46.ipowerweb.com / WS_FTP.LOG
2003.03.18 03:49 B C:\Tarraconensis\index.html --> host46.ipowerweb.com /_vti_cnf index.html
2003.03.18 03:49 B C:\Tarraconensis\WS_FTP.LOG --> host46.ipowerweb.com /_vti_cnf WS_FTP.LOG
2003.03.18 03:52 B C:\Tarraconensis\index.html --> host46.ipowerweb.com /_vti_cnf index.html
2003.03.18 03:53 B C:\Tarraconensis\index.html --> host46.ipowerweb.com / index.html
2003.03.18 03:53 B C:\Tarraconensis\WS_FTP.LOG --> host46.ipowerweb.com / WS_FTP.LOG
2003.03.18 03:58 B C:\Tarraconensis\public_html\index.html --> host46.ipowerweb.com /public_html index.html
2003.03.18 03:58 B C:\Tarraconensis\public_html\WS_FTP.LOG --> host46.ipowerweb.com /public_html WS_FTP.LOG
2003.03.19 02:24 B C:\Tarraconensis\public_html\index.html --> host46.ipowerweb.com /public_html index.html
2003.03.19 02:24 B C:\Tarraconensis\public_html\inicio.html --> host46.ipowerweb.com /public_html inicio.html
2003.03.19 02:24 B C:\Tarraconensis\public_html\WS_FTP.LOG --> host46.ipowerweb.com /public_html WS_FTP.LOG
2003.03.24 04:25 B C:\Tarraconensis\public_html\inicio.html --> host46.ipowerweb.com /public_html inicio.html
2003.03.24 04:25 B C:\Tarraconensis\public_html\salve.html --> host46.ipowerweb.com /public_html salve.html
2003.03.24 05:02 B C:\Tarraconensis\public_html\inicio.html --> host46.ipowerweb.com /public_html inicio.html
2003.03.24 05:02 B C:\Tarraconensis\public_html\cartografía.html --> host46.ipowerweb.com /public_html cartografía.html
2003.03.24 05:05 B C:\Tarraconensis\public_html\cartografía.html --> host46.ipowerweb.com /public_html cartografía.html
2003.03.24 05:08 B C:\Tarraconensis\public_html\cartografia.html --> host46.ipowerweb.com /public_html cartografia.html
2003.03.24 05:08 B C:\Tarraconensis\public_html\inicio.html --> host46.ipowerweb.com /public_html inicio.html
2003.03.24 05:27 B C:\Tarraconensis\public_html\cartografia.html --> host46.ipowerweb.com /public_html cartografia.html
2003.03.24 14:50 B C:\Tarraconensis\public_html\cartografia.html --> host46.ipowerweb.com /public_html cartografia.html
2003.03.25 04:59 B C:\Tarraconensis\public_html\cartografia.html --> host46.ipowerweb.com /public_html cartografia.html
2003.03.25 05:02 B C:\Tarraconensis\public_html\cartografia.html --> host46.ipowerweb.com /public_html cartografia.html
2003.03.26 02:30 B C:\Tarraconensis\public_html\salve.html --> host46.ipowerweb.com /public_html salve.html
2003.03.27 00:55 B C:\Tarraconensis\public_html\ciudades.html --> host46.ipowerweb.com /public_html ciudades.html
2003.03.27 00:56 B C:\Tarraconensis\public_html\inicio.html --> host46.ipowerweb.com /public_html inicio.html
2003.03.27 03:38 B C:\Tarraconensis\public_html\ciudades.html --> host46.ipowerweb.com /public_html ciudades.html
2003.03.27 03:38 B C:\Tarraconensis\public_html\inicio.html --> host46.ipowerweb.com /public_html inicio.html
2003.03.27 05:45 B C:\Tarraconensis\public_html\inicio.html --> host46.ipowerweb.com /public_html inicio.html
2003.03.27 06:15 B C:\Tarraconensis\public_html\inicio.html --> host46.ipowerweb.com /public_html inicio.html
2003.03.28 03:10 B C:\Tarraconensis\public_html\ciudades.html --> host46.ipowerweb.com /public_html ciudades.html
2003.03.28 18:36 B C:\Tarraconensis\public_html\salve.html --> host46.ipowerweb.com /public_html salve.html
2003.03.28 20:27 B C:\Tarraconensis\public_html\inicio.html --> host46.ipowerweb.com /public_html inicio.html
2003.03.28 23:40 B C:\Tarraconensis\public_html\salve.html --> host46.ipowerweb.com /public_html salve.html
2003.03.28 23:40 B C:\Tarraconensis\public_html\inicio.html --> host46.ipowerweb.com /public_html inicio.html
2003.03.28 23:58 B C:\Tarraconensis\public_html\salve.html --> host46.ipowerweb.com /public_html salve.html
2003.03.28 23:58 B C:\Tarraconensis\public_html\salve.html --> host46.ipowerweb.com /public_html salve.html
2003.03.29 03:57 B C:\Tarraconensis\public_html\index.html --> host46.ipowerweb.com /public_html index.html
2003.03.29 03:57 B C:\Tarraconensis\public_html\inicio.html --> host46.ipowerweb.com /public_html inicio.html
2003.03.29 03:57 B C:\Tarraconensis\public_html\salve.html --> host46.ipowerweb.com /public_html salve.html
2003.03.29 04:09 B C:\Tarraconensis\public_html\WS_FTP.LOG --> host46.ipowerweb.com /public_html WS_FTP.LOG
2003.03.29 04:09 B C:\Tarraconensis\public_html\inicio.html --> host46.ipowerweb.com /public_html inicio.html
2003.03.29 04:10 B C:\Tarraconensis\public_html\salve.html --> host46.ipowerweb.com /public_html salve.html
2003.03.29 04:10 B C:\Tarraconensis\public_html\inicio.html --> host46.ipowerweb.com /public_html inicio.html
2003.03.29 04:19 B C:\Tarraconensis\public_html\inicio.html --> host46.ipowerweb.com /public_html inicio.html
2003.03.29 04:20 B C:\Tarraconensis\public_html\inicio.html --> host46.ipowerweb.com /public_html inicio.html
2003.03.29 04:20 B C:\Tarraconensis\public_html\salve.html --> host46.ipowerweb.com /public_html salve.html
2003.03.29 04:28 B C:\Tarraconensis\public_html\cartografia.html --> host46.ipowerweb.com /public_html cartografia.html
2003.03.29 04:28 B C:\Tarraconensis\public_html\ciudades.html --> host46.ipowerweb.com /public_html ciudades.html
2003.03.29 04:28 B C:\Tarraconensis\public_html\index.html --> host46.ipowerweb.com /public_html index.html
2003.03.29 04:28 B C:\Tarraconensis\public_html\inicio.html --> host46.ipowerweb.com /public_html inicio.html
2003.03.29 04:28 B C:\Tarraconensis\public_html\salve.html --> host46.ipowerweb.com /public_html salve.html
2003.03.29 04:53 B C:\Tarraconensis\public_html\cartografia.html --> host46.ipowerweb.com /public_html cartografia.html
2003.03.29 04:53 B C:\Tarraconensis\public_html\ciudades.html --> host46.ipowerweb.com /public_html ciudades.html
2003.03.29 04:53 B C:\Tarraconensis\public_html\index.html --> host46.ipowerweb.com /public_html index.html
2003.03.29 04:53 B C:\Tarraconensis\public_html\menu.html --> host46.ipowerweb.com /public_html menu.html
2003.03.29 04:53 B C:\Tarraconensis\public_html\salve.html --> host46.ipowerweb.com /public_html salve.html
2003.03.29 05:05 B C:\Tarraconensis\public_html\cartografia.html --> host46.ipowerweb.com /public_html cartografia.html
2003.03.29 05:05 B C:\Tarraconensis\public_html\ciudades.html --> host46.ipowerweb.com /public_html ciudades.html
2003.03.29 05:05 B C:\Tarraconensis\public_html\index.html --> host46.ipowerweb.com /public_html index.html
2003.03.29 05:05 B C:\Tarraconensis\public_html\menu.html --> host46.ipowerweb.com /public_html menu.html
2003.03.29 05:05 B C:\Tarraconensis\public_html\presentacion.html --> host46.ipowerweb.com /public_html presentacion.html
2003.03.29 05:16 B C:\Tarraconensis\public_html\presentacion.html --> host46.ipowerweb.com /public_html presentacion.html
2003.03.29 05:25 B C:\Tarraconensis\public_html\ciudades.html --> host46.ipowerweb.com /public_html ciudades.html
2003.03.29 05:42 B C:\Tarraconensis\public_html\cartografia.html --> host46.ipowerweb.com /public_html cartografia.html
2003.03.29 05:42 B C:\Tarraconensis\public_html\hispania.html --> host46.ipowerweb.com /public_html hispania.html
2003.03.29 05:42 B C:\Tarraconensis\public_html\index.html --> host46.ipowerweb.com /public_html index.html
2003.03.29 05:42 B C:\Tarraconensis\public_html\menu.html --> host46.ipowerweb.com /public_html menu.html
2003.03.29 05:42 B C:\Tarraconensis\public_html\presentacion.html --> host46.ipowerweb.com /public_html presentacion.html
2003.03.29 05:42 B C:\Tarraconensis\public_html\WS_FTP.LOG --> host46.ipowerweb.com /public_html WS_FTP.LOG
2003.03.30 04:47 B C:\Tarraconensis\public_html\menu.html --> host46.ipowerweb.com /public_html menu.html
2003.03.30 17:08 B C:\Tarraconensis\public_html\menu.html --> host46.ipowerweb.com /public_html menu.html
2003.03.30 17:08 B C:\Tarraconensis\public_html\WS_FTP.LOG --> host46.ipowerweb.com /public_html WS_FTP.LOG
2003.03.30 18:13 B C:\Tarraconensis\public_html\WS_FTP.LOG --> host46.ipowerweb.com /public_html WS_FTP.LOG
2003.03.30 18:14 B C:\Tarraconensis\public_html\hispania.html --> host46.ipowerweb.com /public_html hispania.html
2003.03.30 19:35 B C:\Tarraconensis\public_html\WS_FTP.LOG --> host46.ipowerweb.com /public_html WS_FTP.LOG
2003.03.31 00:49 B C:\Tarraconensis\public_html\menu.html --> host46.ipowerweb.com /public_html menu.html
2003.03.31 01:14 B C:\Tarraconensis\public_html\menu.html --> host46.ipowerweb.com /public_html menu.html
2003.04.01 04:29 B C:\Tarraconensis\public_html\WS_FTP.LOG --> host46.ipowerweb.com /public_html WS_FTP.LOG
2003.04.01 04:29 B C:\Tarraconensis\public_html\menu.html --> host46.ipowerweb.com /public_html menu.html
2003.04.01 04:29 B C:\Tarraconensis\public_html\hispania.html --> host46.ipowerweb.com /public_html hispania.html
2003.04.02 00:37 B C:\Tarraconensis\public_html\hispania.html --> host46.ipowerweb.com /public_html hispania.html
2003.04.02 01:12 B C:\Tarraconensis\public_html\hispania.html --> host46.ipowerweb.com /public_html hispania.html
2003.04.02 01:12 B C:\Tarraconensis\public_html\WS_FTP.LOG --> host46.ipowerweb.com /public_html WS_FTP.LOG
2003.04.02 03:28 B C:\Tarraconensis\public_html\menu.html --> host46.ipowerweb.com /public_html menu.html
2003.04.02 03:28 B C:\Tarraconensis\public_html\presentacion.html --> host46.ipowerweb.com /public_html presentacion.html
2003.04.02 03:33 B C:\Tarraconensis\public_html\Soundtrack - Gladiator Theme Song.mp3 --> host46.ipowerweb.com /public_html Soundtrack - Gladiator Theme Song.mp3
2003.04.02 03:34 B C:\Tarraconensis\public_html\presentacion.html --> host46.ipowerweb.com /public_html presentacion.html
2003.04.02 03:34 B C:\Tarraconensis\public_html\menu.html --> host46.ipowerweb.com /public_html menu.html
2003.04.03 01:26 B C:\Tarraconensis\public_html\presentacion.html --> host46.ipowerweb.com /public_html presentacion.html
2003.04.03 01:26 B C:\Tarraconensis\public_html\presentacion.html --> host46.ipowerweb.com /public_html presentacion.html
2003.04.03 01:26 B C:\Tarraconensis\public_html\WS_FTP.LOG --> host46.ipowerweb.com /public_html WS_FTP.LOG
2003.04.03 01:29 B C:\Tarraconensis\public_html\gladiator.mpa --> host46.ipowerweb.com /public_html gladiator.mpa
2003.04.03 01:45 B C:\Tarraconensis\public_html\salvi.html --> host46.ipowerweb.com /public_html salvi.html
2003.04.03 02:28 B C:\Tarraconensis\public_html\cartografia.html --> host46.ipowerweb.com /public_html cartografia.html
2003.04.03 02:28 B C:\Tarraconensis\public_html\hispania.html --> host46.ipowerweb.com /public_html hispania.html
2003.04.03 02:28 B C:\Tarraconensis\public_html\menu.html --> host46.ipowerweb.com /public_html menu.html
2003.04.03 02:28 B C:\Tarraconensis\public_html\salvi.html --> host46.ipowerweb.com /public_html salvi.html
2003.04.03 02:29 B C:\Tarraconensis\public_html\WS_FTP.LOG --> host46.ipowerweb.com /public_html WS_FTP.LOG
2003.04.03 02:35 B C:\Tarraconensis\public_html\menu.html --> host46.ipowerweb.com /public_html menu.html
2003.04.03 02:36 B C:\Tarraconensis\public_html\menu.html --> host46.ipowerweb.com /public_html menu.html
2003.04.04 05:16 B C:\Tarraconensis\public_html\WS_FTP.LOG --> host46.ipowerweb.com /public_html WS_FTP.LOG
2003.04.04 05:16 B C:\Tarraconensis\public_html\WS_FTP.LOG --> host46.ipowerweb.com /public_html WS_FTP.LOG
2003.04.04 05:17 B C:\Tarraconensis\public_html\menu.html --> host46.ipowerweb.com /public_html menu.html
2003.04.04 05:17 B C:\Tarraconensis\public_html\menu.html --> host46.ipowerweb.com /public_html menu.html
2003.04.04 05:31 B C:\Tarraconensis\public_html\hispania.html --> host46.ipowerweb.com /public_html hispania.html
2003.04.04 05:32 B C:\Tarraconensis\public_html\hispania.html --> host46.ipowerweb.com /public_html hispania.html
2003.04.04 05:32 B C:\Tarraconensis\public_html\WS_FTP.LOG --> host46.ipowerweb.com /public_html WS_FTP.LOG
2003.04.05 02:16 B C:\Tarraconensis\public_html\hispania.html --> host46.ipowerweb.com /public_html hispania.html
2003.04.05 02:16 B C:\Tarraconensis\public_html\hispania.html --> host46.ipowerweb.com /public_html hispania.html
2003.04.06 19:06 B C:\Tarraconensis\public_html\gladiatortema1.mpa --> host46.ipowerweb.com /public_html gladiatortema1.mpa
2003.04.06 19:07 B C:\Tarraconensis\public_html\gladiatortema1.mpa --> host46.ipowerweb.com /public_html gladiatortema1.mpa
2003.04.06 19:07 B C:\Tarraconensis\public_html\presentacion.html --> host46.ipowerweb.com /public_html presentacion.html
2003.04.06 19:07 B C:\Tarraconensis\public_html\presentacion.html --> host46.ipowerweb.com /public_html presentacion.html
2003.04.07 01:51 B C:\Tarraconensis\public_html\menu.mpa --> host46.ipowerweb.com /public_html menu.mpa
2003.04.07 01:52 B C:\Tarraconensis\public_html\menu.mpa --> host46.ipowerweb.com /public_html menu.mpa
2003.04.07 01:54 B C:\Tarraconensis\public_html\menu.html --> host46.ipowerweb.com /public_html menu.html
2003.04.07 01:55 B C:\Tarraconensis\public_html\menu.html --> host46.ipowerweb.com /public_html menu.html
2003.04.07 01:55 B C:\Tarraconensis\public_html\WS_FTP.LOG --> host46.ipowerweb.com /public_html WS_FTP.LOG
2003.04.15 12:31 B C:\Tarraconensis\public_html\menu.html --> host46.ipowerweb.com /public_html menu.html
2003.04.15 12:31 B C:\Tarraconensis\public_html\menu.html --> host46.ipowerweb.com /public_html menu.html
2003.04.15 12:31 B C:\Tarraconensis\public_html\WS_FTP.LOG --> host46.ipowerweb.com /public_html WS_FTP.LOG
