2003.03.24 04:48 B C:\Tarraconensis\mapas\baetica.jpg --> host46.ipowerweb.com /public_html/mapas baetica.jpg
2003.03.24 04:48 B C:\Tarraconensis\mapas\conq-218.19ac.bmp --> host46.ipowerweb.com /public_html/mapas conq-218.19ac.bmp
2003.03.24 04:48 B C:\Tarraconensis\mapas\expansion-220ac.bmp --> host46.ipowerweb.com /public_html/mapas expansion-220ac.bmp
2003.03.24 04:49 B C:\Tarraconensis\mapas\expansion-270ac.bmp --> host46.ipowerweb.com /public_html/mapas expansion-270ac.bmp
2003.03.24 04:49 B C:\Tarraconensis\mapas\expansion-380ac.bmp --> host46.ipowerweb.com /public_html/mapas expansion-380ac.bmp
2003.03.24 04:50 B C:\Tarraconensis\mapas\expansion-40ac.bmp --> host46.ipowerweb.com /public_html/mapas expansion-40ac.bmp
2003.03.24 04:50 B C:\Tarraconensis\mapas\expansion-52ac.bmp --> host46.ipowerweb.com /public_html/mapas expansion-52ac.bmp
2003.03.24 04:50 B C:\Tarraconensis\mapas\expansion-600ac.bmp --> host46.ipowerweb.com /public_html/mapas expansion-600ac.bmp
2003.03.24 04:51 B C:\Tarraconensis\mapas\expansion-74ac.bmp --> host46.ipowerweb.com /public_html/mapas expansion-74ac.bmp
2003.03.24 04:51 B C:\Tarraconensis\mapas\expansion-86ac.bmp --> host46.ipowerweb.com /public_html/mapas expansion-86ac.bmp
2003.03.24 04:51 B C:\Tarraconensis\mapas\expansiongrafica.bmp --> host46.ipowerweb.com /public_html/mapas expansiongrafica.bmp
2003.03.24 04:53 B C:\Tarraconensis\mapas\hasta154ac.bmp --> host46.ipowerweb.com /public_html/mapas hasta154ac.bmp
2003.03.24 04:54 B C:\Tarraconensis\mapas\hasta29ac.bmp --> host46.ipowerweb.com /public_html/mapas hasta29ac.bmp
2003.03.24 04:56 B C:\Tarraconensis\mapas\hispaindigena1.bmp --> host46.ipowerweb.com /public_html/mapas hispaindigena1.bmp
2003.03.24 04:57 B C:\Tarraconensis\mapas\imperio-100ec.bmp --> host46.ipowerweb.com /public_html/mapas imperio-100ec.bmp
2003.03.24 05:01 B C:\Tarraconensis\mapas\imperio-1ec.bmp --> host46.ipowerweb.com /public_html/mapas imperio-1ec.bmp
2003.03.24 05:02 B C:\Tarraconensis\mapas\imperio-1ec_small.bmp --> host46.ipowerweb.com /public_html/mapas imperio-1ec_small.bmp
2003.03.24 05:26 B C:\Tarraconensis\mapas\imperio-1ec.bmp --> host46.ipowerweb.com /public_html/mapas imperio-1ec.bmp
2003.03.24 05:27 B C:\Tarraconensis\mapas\imperio-1ec.JPG --> host46.ipowerweb.com /public_html/mapas imperio-1ec.JPG
2003.03.24 05:27 B C:\Tarraconensis\mapas\imperio-1ec_small.bmp --> host46.ipowerweb.com /public_html/mapas imperio-1ec_small.bmp
2003.03.24 05:27 B C:\Tarraconensis\mapas\imperio-1ec_small.JPG --> host46.ipowerweb.com /public_html/mapas imperio-1ec_small.JPG
2003.03.24 14:46 B C:\Tarraconensis\mapas\hispaindigena1.JPG --> host46.ipowerweb.com /public_html/mapas hispaindigena1.JPG
2003.03.24 14:47 B C:\Tarraconensis\mapas\hispaindigena1_small.JPG --> host46.ipowerweb.com /public_html/mapas hispaindigena1_small.JPG
2003.03.24 14:49 B C:\Tarraconensis\mapas\provincias27ac.JPG --> host46.ipowerweb.com /public_html/mapas provincias27ac.JPG
2003.03.24 14:49 B C:\Tarraconensis\mapas\provincias27ac_small.JPG --> host46.ipowerweb.com /public_html/mapas provincias27ac_small.JPG
2003.03.25 04:56 B C:\Tarraconensis\mapas\provincias27ac.JPG --> host46.ipowerweb.com /public_html/mapas provincias27ac.JPG
2003.03.25 04:57 B C:\Tarraconensis\mapas\baetica.jpg --> host46.ipowerweb.com /public_html/mapas/mapas baetica.jpg
2003.03.28 02:38 B C:\Tarraconensis\mapas\provincias27ac.JPG --> host46.ipowerweb.com /public_html/mapas provincias27ac.JPG
